WRR WRK WRB W_K W_Q WLB WLK WLR
W_P W_P W_P W_P W_P W_P W_P W_P
--- --- --- --- --- --- --- ---
--- --- --- --- --- --- --- ---
--- --- --- --- --- --- --- ---
--- --- --- --- --- --- --- ---
B_P B_P B_P B_P B_P B_P B_P B_P
BLR BLK BLB B_K B_Q BRB BRK BRR